{
    "human - freec_ratio - stub": {
        "content": [
            {
                "0": [
                    [
                        {
                            "id": "test",
                            "single_end": false,
                            "sex": "XX"
                        },
                        "test.p.value.txt:md5,d41d8cd98f00b204e9800998ecf8427e"
                    ]
                ],
                "1": [
                    "versions.yml:md5,81750d0b4c0e563bd392720d09ae024f"
                ],
                "p_value_txt": [
                    [
                        {
                            "id": "test",
                            "single_end": false,
                            "sex": "XX"
                        },
                        "test.p.value.txt:md5,d41d8cd98f00b204e9800998ecf8427e"
                    ]
                ],
                "versions": [
                    "versions.yml:md5,81750d0b4c0e563bd392720d09ae024f"
                ]
            }
        ],
        "meta": {
            "nf-test": "0.9.2",
            "nextflow": "25.04.6"
        },
        "timestamp": "2025-09-08T08:58:22.551535272"
    },
    "version": {
        "content": [
            [
                "versions.yml:md5,81750d0b4c0e563bd392720d09ae024f"
            ]
        ],
        "meta": {
            "nf-test": "0.9.2",
            "nextflow": "25.04.6"
        },
        "timestamp": "2025-09-08T08:58:06.212126105"
    }
}