{
    "Test Function getWorkflowVersion": {
        "content": [
            "v9.9.9"
        ],
        "timestamp": "2024-01-18T10:28:29.235205"
    },
    "Test Function checkCondaChannels": {
        "content": null,
        "timestamp": "2024-01-18T10:28:41.924958"
    }
}