{
    "Should not create params JSON if no output directory": {
        "content": [
            {
                "0": [
                    false
                ],
                "1": [
                    false
                ],
                "conda_channels_correct": [
                    false
                ],
                "parameters_dumped": [
                    false
                ]
            }
        ],
        "timestamp": "2024-01-18T19:00:37.487419"
    },
    "Should dump params": {
        "content": [
            {
                "0": [
                    false
                ],
                "1": [
                    true
                ],
                "conda_channels_correct": [
                    false
                ],
                "parameters_dumped": [
                    true
                ]
            }
        ],
        "timestamp": "2024-01-18T19:00:31.18247"
    },
    "Should run no inputs": {
        "content": [
            {
                "0": [
                    false
                ],
                "1": [
                    false
                ],
                "conda_channels_correct": [
                    false
                ],
                "parameters_dumped": [
                    false
                ]
            }
        ],
        "timestamp": "2024-01-18T19:00:15.806979"
    }
}