{
    "Function getWorkflowVersion": {
        "content": [
            "v9.9.9"
        ],
        "timestamp": "2024-01-18T19:20:38.240814"
    },
    "Function checkCondaChannels": {
        "content": [
            true
        ],
        "timestamp": "2024-01-18T19:20:50.172958"
    }
}
