{
    "sarscov2 - [fastq1, fastq2], index, fasta, false": {
        "content": [
            "9505760d66e1d5a5d34ab79a98228c6",
            "57aeef88ed701a8ebc8e2f0a381b2a6",
            [
                "versions",
                [
                    [
                        "BWAMEM2_MEM",
                        "bwa-mem2",
                        "2.2.1"
                    ]
                ],
                [
                    [
                        "BWAMEM2_MEM",
                        "samtools",
                        "1.21"
                    ]
                ]
            ]
        ],
        "meta": {
            "nf-test": "0.9.2",
            "nextflow": "25.04.6"
        },
        "timestamp": "2025-09-01T13:00:06.640548717"
    },
    "sarscov2 - [fastq1, fastq2], index, fasta, true - stub": {
        "content": [
            "895266757df4950e5f81c3bc8fca5b47",
            "d41d8cd98f00b204e9800998ecf8427e",
            [
                "versions",
                [
                    [
                        "BWAMEM2_MEM",
                        "bwa-mem2",
                        "2.2.1"
                    ]
                ],
                [
                    [
                        "BWAMEM2_MEM",
                        "samtools",
                        "1.21"
                    ]
                ]
            ]
        ],
        "meta": {
            "nf-test": "0.9.2",
            "nextflow": "25.04.6"
        },
        "timestamp": "2025-09-01T13:00:35.963137028"
    },
    "sarscov2 - [fastq1, fastq2], index, fasta, true": {
        "content": [
            "e0c38d5772ca5f4d5d9999f4477e933c",
            "af8628d9df18b2d3d4f6fd47ef2bb872",
            [
                "versions",
                [
                    [
                        "BWAMEM2_MEM",
                        "bwa-mem2",
                        "2.2.1"
                    ]
                ],
                [
                    [
                        "BWAMEM2_MEM",
                        "samtools",
                        "1.21"
                    ]
                ]
            ]
        ],
        "meta": {
            "nf-test": "0.9.2",
            "nextflow": "25.04.6"
        },
        "timestamp": "2025-09-01T13:00:22.040417418"
    },
    "sarscov2 - fastq, index, fasta, false": {
        "content": [
            "58d05395bbb819e929885bde415947ae",
            "798439cbd7fd81cbcc5078022dc5479d",
            [
                "versions",
                [
                    [
                        "BWAMEM2_MEM",
                        "bwa-mem2",
                        "2.2.1"
                    ]
                ],
                [
                    [
                        "BWAMEM2_MEM",
                        "samtools",
                        "1.21"
                    ]
                ]
            ]
        ],
        "meta": {
            "nf-test": "0.9.2",
            "nextflow": "25.04.6"
        },
        "timestamp": "2025-09-01T12:59:36.649629007"
    },
    "sarscov2 - fastq, index, fasta, true": {
        "content": [
            "276189f6f003f99a87664e74fad2893d",
            "94fcf617f5b994584c4e8d4044e16b4f",
            [
                "versions",
                [
                    [
                        "BWAMEM2_MEM",
                        "bwa-mem2",
                        "2.2.1"
                    ]
                ],
                [
                    [
                        "BWAMEM2_MEM",
                        "samtools",
                        "1.21"
                    ]
                ]
            ]
        ],
        "meta": {
            "nf-test": "0.9.2",
            "nextflow": "25.04.6"
        },
        "timestamp": "2025-09-01T12:59:51.468221516"
    }
}