{
    "WBcel235.105 - test.vcf.gz -stub": {
        "content": [
            {
                "0": [
                    [
                        {
                            "id": "test",
                            "single_end": false
                        },
                        "test_snpEff.ann.vcf.gz:md5,68b329da9893e34099c7d8ad5cb9c940",
                        "test_snpEff.ann.vcf.gz.tbi:md5,d41d8cd98f00b204e9800998ecf8427e"
                    ]
                ],
                "1": [
                    [
                        {
                            "id": "test",
                            "single_end": false
                        },
                        "test.csv:md5,d41d8cd98f00b204e9800998ecf8427e"
                    ]
                ],
                "2": [
                    "versions.yml:md5,cf04cacd7752c5da3f91cf3452cb5641",
                    "versions.yml:md5,e5cff6029cad1e1a937df9fb5c6328f5"
                ],
                "reports": [
                    [
                        {
                            "id": "test",
                            "single_end": false
                        },
                        "test.csv:md5,d41d8cd98f00b204e9800998ecf8427e"
                    ]
                ],
                "vcf_tbi": [
                    [
                        {
                            "id": "test",
                            "single_end": false
                        },
                        "test_snpEff.ann.vcf.gz:md5,68b329da9893e34099c7d8ad5cb9c940",
                        "test_snpEff.ann.vcf.gz.tbi:md5,d41d8cd98f00b204e9800998ecf8427e"
                    ]
                ],
                "versions": [
                    "versions.yml:md5,cf04cacd7752c5da3f91cf3452cb5641",
                    "versions.yml:md5,e5cff6029cad1e1a937df9fb5c6328f5"
                ]
            }
        ],
        "meta": {
            "nf-test": "0.9.2",
            "nextflow": "25.04.0"
        },
        "timestamp": "2025-05-13T11:55:37.684768329"
    }
}