{
    "Should run nothing": {
        "content": [
            {
                "0": [
                    false
                ],
                "validated_params": [
                    false
                ]
            }
        ],
        "timestamp": "2024-01-18T19:12:41.379694"
    }
}