{
    "Single-end": {
        "content": [
            {
                "0": [
                    [
                        {
                            "id": "test_single_end",
                            "single_end": true
                        },
                        "test_single_end.fastq.gz:md5,674d78c1cc3c1308d6d39d6369a42887"
                    ]
                ],
                "1": [
                    "versions.yml:md5,6ff2d50b15c3f0eb9c72cd13a4a20295"
                ],
                "reads": [
                    [
                        {
                            "id": "test_single_end",
                            "single_end": true
                        },
                        "test_single_end.fastq.gz:md5,674d78c1cc3c1308d6d39d6369a42887"
                    ]
                ],
                "versions": [
                    "versions.yml:md5,6ff2d50b15c3f0eb9c72cd13a4a20295"
                ]
            }
        ],
        "meta": {
            "nf-test": "0.8.4",
            "nextflow": "23.10.1"
        },
        "timestamp": "2024-02-28T11:47:42.981471"
    },
    "Paired-end": {
        "content": [
            {
                "0": [
                    [
                        {
                            "id": "test_paired_end",
                            "single_end": false
                        },
                        [
                            "test_paired_end_1.fastq.gz:md5,8573015c91d099b6e30789f8bab2f43c",
                            "test_paired_end_2.fastq.gz:md5,37e6f719a022dc3c9994c80fbc20c311"
                        ]
                    ]
                ],
                "1": [
                    "versions.yml:md5,6ff2d50b15c3f0eb9c72cd13a4a20295"
                ],
                "reads": [
                    [
                        {
                            "id": "test_paired_end",
                            "single_end": false
                        },
                        [
                            "test_paired_end_1.fastq.gz:md5,8573015c91d099b6e30789f8bab2f43c",
                            "test_paired_end_2.fastq.gz:md5,37e6f719a022dc3c9994c80fbc20c311"
                        ]
                    ]
                ],
                "versions": [
                    "versions.yml:md5,6ff2d50b15c3f0eb9c72cd13a4a20295"
                ]
            }
        ],
        "meta": {
            "nf-test": "0.8.4",
            "nextflow": "23.10.1"
        },
        "timestamp": "2024-02-28T11:48:09.914497"
    }
}