{
    "versions_structure": {
        "content": [
            [
                "versions.yml:md5,fb187c9186b50a8076d08cd3be3c1b70"
            ]
        ],
        "meta": {
            "nf-test": "0.8.4",
            "nextflow": "24.01.0"
        },
        "timestamp": "2024-02-09T19:43:36.590833926"
    },
    "versions": {
        "content": [
            [
                "versions.yml:md5,fb187c9186b50a8076d08cd3be3c1b70"
            ]
        ],
        "meta": {
            "nf-test": "0.8.4",
            "nextflow": "24.01.0"
        },
        "timestamp": "2024-02-09T19:42:52.802861054"
    },
    "alignment - uncompressed": {
        "content": [
            [
                [
                    {
                        "id": "test"
                    },
                    "test.aln:md5,bd1db08ad04514cc6d1334598c1a6ef0"
                ]
            ]
        ],
        "meta": {
            "nf-test": "0.8.4",
            "nextflow": "24.01.0"
        },
        "timestamp": "2024-02-09T19:43:05.936032398"
    },
    "versions_guidetree": {
        "content": [
            [
                "versions.yml:md5,fb187c9186b50a8076d08cd3be3c1b70"
            ]
        ],
        "meta": {
            "nf-test": "0.8.4",
            "nextflow": "24.01.0"
        },
        "timestamp": "2024-02-09T19:43:20.741062719"
    },
    "versions_comp": {
        "content": [
            [
                "versions.yml:md5,fb187c9186b50a8076d08cd3be3c1b70"
            ]
        ],
        "meta": {
            "nf-test": "0.8.4",
            "nextflow": "24.01.0"
        },
        "timestamp": "2024-02-28T17:19:58.615329"
    },
    "alignment": {
        "content": [
            [
                [
                    {
                        "id": "test"
                    },
                    "test.aln.gz:md5,bd1db08ad04514cc6d1334598c1a6ef0"
                ]
            ]
        ],
        "meta": {
            "nf-test": "0.8.4",
            "nextflow": "24.01.0"
        },
        "timestamp": "2024-02-09T19:42:52.774882703"
    },
    "versions_uncomp": {
        "content": [
            [
                "versions.yml:md5,fb187c9186b50a8076d08cd3be3c1b70"
            ]
        ],
        "meta": {
            "nf-test": "0.8.4",
            "nextflow": "24.01.0"
        },
        "timestamp": "2024-02-28T17:19:49.290325"
    },
    "alignment_guidetree": {
        "content": [
            [
                [
                    {
                        "id": "test"
                    },
                    "test.aln.gz:md5,93bc8adfcd88f7913718eacc13da8e4a"
                ]
            ]
        ],
        "meta": {
            "nf-test": "0.8.4",
            "nextflow": "24.01.0"
        },
        "timestamp": "2024-02-09T19:43:20.688201033"
    }
}