{
    "Should run without failures": {
        "content": [
            {
                "0": [
                    true
                ],
                "config_is_correct": [
                    true
                ]
            }
        ],
        "timestamp": "2024-01-18T18:30:54.069721"
    }
}