{
    "test_panel.vcf.gz": {
        "content": [
            "joint.vcf.gz"
        ],
        "meta": {
            "nf-test": "0.8.4",
            "nextflow": "24.04.0"
        },
        "timestamp": "2024-05-15T17:35:09.935561"
    },
    "versions": {
        "content": [
            [
                "versions.yml:md5,016c722065897238882cf7c871978afd",
                "versions.yml:md5,68d32fbcb37e212aa22457de481d76b9",
                "versions.yml:md5,d38faba736b5c64157c0c532060730c2"
            ]
        ],
        "meta": {
            "nf-test": "0.8.4",
            "nextflow": "24.04.0"
        },
        "timestamp": "2024-05-15T17:35:09.908215"
    },
    "test1.vcf.gz.stats": {
        "content": [
            "test1.vcf.gz.stats"
        ],
        "meta": {
            "nf-test": "0.8.4",
            "nextflow": "24.04.0"
        },
        "timestamp": "2024-05-15T17:35:09.942514"
    },
    "test_panel.vcf.gz.tbi": {
        "content": [
            "joint.vcf.gz.tbi"
        ],
        "meta": {
            "nf-test": "0.8.4",
            "nextflow": "24.04.0"
        },
        "timestamp": "2024-05-15T17:35:09.931335"
    },
    "test1.vcf.gz": {
        "content": [
            "test1.vcf.gz"
        ],
        "meta": {
            "nf-test": "0.8.4",
            "nextflow": "24.04.0"
        },
        "timestamp": "2024-05-15T17:35:09.948448"
    },
    "test1.vcf.gz.tbi": {
        "content": [
            "test1.vcf.gz.tbi"
        ],
        "meta": {
            "nf-test": "0.8.4",
            "nextflow": "24.04.0"
        },
        "timestamp": "2024-05-15T17:35:09.925845"
    }
}