{
    "test_fastq_align_bwamem2_PE": {
        "content": [
            "test.bam",
            [
                
            ],
            [
                
            ],
            [
                
            ],
            [
                [
                    "BWAMEM2_INDEX",
                    "bwa-mem2",
                    "2.2.1"
                ],
                [
                    "FASTQ_ALIGN_DNA:BWAMEM2_MEM",
                    "bwa-mem2",
                    "2.2.1"
                ],
                [
                    "FASTQ_ALIGN_DNA:BWAMEM2_MEM",
                    "samtools",
                    "1.21"
                ]
            ]
        ],
        "meta": {
            "nf-test": "0.9.2",
            "nextflow": "25.04.6"
        },
        "timestamp": "2025-09-01T13:16:56.604786099"
    },
    "test_fastq_align_dragmap_PE": {
        "content": [
            "test.bam",
            [
                "decompHashTableCtxInit...",
                "decompHashTableHeader...",
                "decompHashTableLiterals...",
                "decompHashTableExtIndex...",
                "decompHashTableAutoHits...",
                "decompHashTableSetFlags..."
            ],
            [
                {
                    "FASTQ_ALIGN_DNA:DRAGMAP_ALIGN": {
                        "dragmap": "1.2.1",
                        "samtools": "1.19.2",
                        "pigz": "2.3.4"
                    }
                }
            ],
            [
                
            ]
        ],
        "meta": {
            "nf-test": "0.9.2",
            "nextflow": "25.04.6"
        },
        "timestamp": "2025-09-01T13:17:57.365007941"
    },
    "test_fastq_align_bwa_mem_SE": {
        "content": [
            "test.bam",
            [
                
            ],
            [
                
            ],
            [
                {
                    "FASTQ_ALIGN_DNA:BWAMEM1_MEM": {
                        "bwa": "0.7.18-r1243-dirty",
                        "samtools": 1.21
                    }
                }
            ],
            [
                
            ]
        ],
        "meta": {
            "nf-test": "0.9.2",
            "nextflow": "25.04.6"
        },
        "timestamp": "2025-09-01T13:16:17.903317919"
    },
    "test_fastq_align_bwamem2_SE": {
        "content": [
            "test.bam",
            [
                
            ],
            [
                
            ],
            [
                
            ],
            [
                [
                    "BWAMEM2_INDEX",
                    "bwa-mem2",
                    "2.2.1"
                ],
                [
                    "FASTQ_ALIGN_DNA:BWAMEM2_MEM",
                    "bwa-mem2",
                    "2.2.1"
                ],
                [
                    "FASTQ_ALIGN_DNA:BWAMEM2_MEM",
                    "samtools",
                    "1.21"
                ]
            ]
        ],
        "meta": {
            "nf-test": "0.9.2",
            "nextflow": "25.04.6"
        },
        "timestamp": "2025-09-01T13:16:42.777381479"
    },
    "test_fastq_align_bwa_mem_PE": {
        "content": [
            "test.bam",
            [
                
            ],
            [
                
            ],
            [
                {
                    "FASTQ_ALIGN_DNA:BWAMEM1_MEM": {
                        "bwa": "0.7.18-r1243-dirty",
                        "samtools": 1.21
                    }
                }
            ],
            [
                
            ]
        ],
        "meta": {
            "nf-test": "0.9.2",
            "nextflow": "25.04.6"
        },
        "timestamp": "2025-09-01T13:16:27.96904962"
    },
    "test_fastq_align_bowtie2_SE": {
        "content": [
            "test.bam",
            [
                {
                    "FASTQ_ALIGN_DNA:BOWTIE2_ALIGN": {
                        "bowtie2": "2.5.4",
                        "samtools": 1.21,
                        "pigz": 2.8
                    }
                }
            ],
            [
                
            ]
        ],
        "meta": {
            "nf-test": "0.9.2",
            "nextflow": "25.04.6"
        },
        "timestamp": "2025-09-01T13:14:42.1079798"
    },
    "test_fastq_align_dragmap_SE": {
        "content": [
            "test.bam",
            [
                "decompHashTableCtxInit...",
                "decompHashTableHeader...",
                "decompHashTableLiterals...",
                "decompHashTableExtIndex...",
                "decompHashTableAutoHits...",
                "decompHashTableSetFlags..."
            ],
            [
                {
                    "FASTQ_ALIGN_DNA:DRAGMAP_ALIGN": {
                        "dragmap": "1.2.1",
                        "samtools": "1.19.2",
                        "pigz": "2.3.4"
                    }
                }
            ],
            [
                
            ]
        ],
        "meta": {
            "nf-test": "0.9.2",
            "nextflow": "25.04.6"
        },
        "timestamp": "2025-09-01T13:17:48.771253082"
    },
    "test_fastq_align_bowtie2_PE": {
        "content": [
            "test.bam",
            [
                {
                    "FASTQ_ALIGN_DNA:BOWTIE2_ALIGN": {
                        "bowtie2": "2.5.4",
                        "samtools": 1.21,
                        "pigz": 2.8
                    }
                }
            ],
            [
                
            ]
        ],
        "meta": {
            "nf-test": "0.9.2",
            "nextflow": "25.04.6"
        },
        "timestamp": "2025-09-01T13:16:06.75021421"
    },
    "test_fastq_align_snapaligner_PE": {
        "content": [
            {
                "0": [
                    [
                        {
                            "id": "test",
                            "single_end": false
                        },
                        "test.bam:md5,1f4f6c38e40ddd5da7f644bb0f794aa8"
                    ]
                ],
                "1": [
                    
                ],
                "2": [
                    
                ],
                "3": [
                    "versions.yml:md5,ef9883fd373e293fbf6a98985d3c0308"
                ],
                "4": [
                    
                ],
                "bam": [
                    [
                        {
                            "id": "test",
                            "single_end": false
                        },
                        "test.bam:md5,1f4f6c38e40ddd5da7f644bb0f794aa8"
                    ]
                ],
                "bam_index": [
                    
                ],
                "reports": [
                    
                ],
                "topic_versions": [
                    
                ],
                "versions": [
                    "versions.yml:md5,ef9883fd373e293fbf6a98985d3c0308"
                ]
            }
        ],
        "meta": {
            "nf-test": "0.9.2",
            "nextflow": "25.04.6"
        },
        "timestamp": "2025-09-01T13:18:23.086332913"
    },
    "test_fastq_align_snapaligner_SE": {
        "content": [
            {
                "0": [
                    [
                        {
                            "id": "test",
                            "single_end": true
                        },
                        "test.bam:md5,6b3188b8e48ec5c155cfe02b9a24d37a"
                    ]
                ],
                "1": [
                    
                ],
                "2": [
                    
                ],
                "3": [
                    "versions.yml:md5,ef9883fd373e293fbf6a98985d3c0308"
                ],
                "4": [
                    
                ],
                "bam": [
                    [
                        {
                            "id": "test",
                            "single_end": true
                        },
                        "test.bam:md5,6b3188b8e48ec5c155cfe02b9a24d37a"
                    ]
                ],
                "bam_index": [
                    
                ],
                "reports": [
                    
                ],
                "topic_versions": [
                    
                ],
                "versions": [
                    "versions.yml:md5,ef9883fd373e293fbf6a98985d3c0308"
                ]
            }
        ],
        "meta": {
            "nf-test": "0.9.2",
            "nextflow": "25.04.6"
        },
        "timestamp": "2025-09-01T13:18:12.649489873"
    }
}