{
    "versions": {
        "content": [
            [
                "versions.yml:md5,25d44a118d558b331d51ec00be0d997c"
            ]
        ],
        "meta": {
            "nf-test": "0.8.4",
            "nextflow": "24.02.0"
        },
        "timestamp": "2024-03-18T17:18:48.783046"
    },
    "genes_txt": {
        "content": [
            [
                [
                    {
                        "id": "test"
                    },
                    "test.genes.txt:md5,130536bf0237d7f3f746d32aaa32840a"
                ]
            ]
        ],
        "meta": {
            "nf-test": "0.8.4",
            "nextflow": "24.02.0"
        },
        "timestamp": "2024-03-18T17:23:23.938944"
    },
    "report": {
        "content": [
            [
                [
                    {
                        "id": "test"
                    },
                    "test.csv:md5,7c764f4a955a0fc7064a9429184fae12"
                ]
            ]
        ],
        "meta": {
            "nf-test": "0.8.4",
            "nextflow": "24.02.0"
        },
        "timestamp": "2024-03-18T17:23:23.943109"
    }
}