{
    "versions0": {
        "content": [
            [
                "versions.yml:md5,7cbacec15bb9e0c8cbb27610bde74c10"
            ]
        ],
        "meta": {
            "nf-test": "0.8.4",
            "nextflow": "24.01.0"
        },
        "timestamp": "2024-02-28T17:54:06.870909"
    },
    "versions": {
        "content": [
            [
                "versions.yml:md5,7cbacec15bb9e0c8cbb27610bde74c10"
            ]
        ],
        "meta": {
            "nf-test": "0.8.4",
            "nextflow": "24.01.0"
        },
        "timestamp": "2024-01-25T18:21:22.385207003"
    },
    "versions1": {
        "content": [
            [
                "versions.yml:md5,7cbacec15bb9e0c8cbb27610bde74c10"
            ]
        ],
        "meta": {
            "nf-test": "0.8.4",
            "nextflow": "24.01.0"
        },
        "timestamp": "2024-02-28T17:54:29.31244"
    }
}